===== no-frontmatter-atx-h1 =====
---
title: "Title"
---
Body text.

===== frontmatter-and-h1 =====
---
summary: s
title: "Title"
---
Body.

===== setext-h1 =====
---
summary: s
title: "Title"
---
Body.

===== indented-atx-h1 =====
---
summary: s
title: "Title"
---
Body.

===== single-line-pi =====
---
summary: s
title: "T"
---

End.

===== multi-line-pi =====
---
summary: s
title: "T"
---
row

End.

===== unterminated-pi =====
---
summary: s
title: "T"
---

===== frontmatter-only =====
---
summary: s
---

===== malformed-frontmatter =====
---
summary: s
# never closed

===== no-liftable-h1 =====
---
summary: s
---
## Sub first

Body.

===== pi-in-code-fence =====
---
summary: s
title: "T"
---
```
<?toc?>
```

End.

===== empty =====

